2026-03-12 18:50:42 -0400 - dagster - DEBUG - __ASSET_JOB - 14c354b4-7bcc-48a1-b7bc-5618ec8f3931 - 64968 - LOGS_CAPTURED - Started capturing logs in process (pid: 64968).
2026-03-12 18:50:42 -0400 - dagster - DEBUG - __ASSET_JOB - 14c354b4-7bcc-48a1-b7bc-5618ec8f3931 - 64968 - raw_airport_data - STEP_START - Started execution of step "raw_airport_data".
2026-03-12 18:50:42 -0400 - dagster - ERROR - __ASSET_JOB - 14c354b4-7bcc-48a1-b7bc-5618ec8f3931 - 64968 - raw_airport_data - STEP_FAILURE - Execution of step "raw_airport_data" failed.

dagster._core.errors.DagsterExecutionStepExecutionError: Error occurred while executing op "raw_airport_data"::

pandas.errors.DatabaseError: Execution failed on sql 'SELECT * FROM airport': (psycopg2.errors.UndefinedTable) relation "airport" does not exist
LINE 1: SELECT * FROM airport
                      ^

[SQL: SELECT * FROM airport]
(Background on this error at: https://sqlalche.me/e/20/f405)

Stack Trace:
  File "/Library/Frameworks/Python.framework/Versions/3.13/lib/python3.13/site-packages/dagster/_core/execution/plan/utils.py", line 57, in op_execution_error_boundary
    yield
  File "/Library/Frameworks/Python.framework/Versions/3.13/lib/python3.13/site-packages/dagster/_utils/__init__.py", line 394, in iterate_with_context
    next_output = next(iterator)
  File "/Library/Frameworks/Python.framework/Versions/3.13/lib/python3.13/site-packages/dagster/_core/execution/plan/compute_generator.py", line 135, in _coerce_op_compute_fn_to_iterator
    result = invoke_compute_fn(
        fn, context, kwargs, context_arg_provided, config_arg_class, resource_arg_mapping
    )
  File "/Library/Frameworks/Python.framework/Versions/3.13/lib/python3.13/site-packages/dagster/_core/execution/plan/compute_generator.py", line 115, in invoke_compute_fn
    return fn(context, **args_to_pass) if context_arg_provided else fn(**args_to_pass)
                                                                    ~~^^^^^^^^^^^^^^^^
  File "/Users/mark/github/CodeProjects/DBT/dragster/assets.py", line 16, in raw_airport_data
    df = pd.read_sql("SELECT * FROM airport", con=engine)
  File "/Library/Frameworks/Python.framework/Versions/3.13/lib/python3.13/site-packages/pandas/io/sql.py", line 730, in read_sql
    return pandas_sql.read_query(
           ~~~~~~~~~~~~~~~~~~~~~^
        sql,
        ^^^^
    ...<6 lines>...
        dtype=dtype,
        ^^^^^^^^^^^^
    )
    ^
  File "/Library/Frameworks/Python.framework/Versions/3.13/lib/python3.13/site-packages/pandas/io/sql.py", line 1856, in read_query
    result = self.execute(sql, params)
  File "/Library/Frameworks/Python.framework/Versions/3.13/lib/python3.13/site-packages/pandas/io/sql.py", line 1681, in execute
    raise DatabaseError(f"Execution failed on sql '{sql}': {exc}") from exc

The above exception was caused by the following exception:
sqlalchemy.exc.ProgrammingError: (psycopg2.errors.UndefinedTable) relation "airport" does not exist
LINE 1: SELECT * FROM airport
                      ^

[SQL: SELECT * FROM airport]
(Background on this error at: https://sqlalche.me/e/20/f405)

Stack Trace:
  File "/Library/Frameworks/Python.framework/Versions/3.13/lib/python3.13/site-packages/pandas/io/sql.py", line 1679, in execute
    return execute_function(sql, *args)
  File "/Library/Frameworks/Python.framework/Versions/3.13/lib/python3.13/site-packages/sqlalchemy/engine/base.py", line 1779, in exec_driver_sql
    ret = self._execute_context(
        dialect,
    ...<5 lines>...
        distilled_parameters,
    )
  File "/Library/Frameworks/Python.framework/Versions/3.13/lib/python3.13/site-packages/sqlalchemy/engine/base.py", line 1846, in _execute_context
    return self._exec_single_context(
           ~~~~~~~~~~~~~~~~~~~~~~~~~^
        dialect, context, statement, parameters
        ^^^^^^^^^^^^^^^^^^^^^^^^^^^^^^^^^^^^^^^
    )
    ^
  File "/Library/Frameworks/Python.framework/Versions/3.13/lib/python3.13/site-packages/sqlalchemy/engine/base.py", line 1986, in _exec_single_context
    self._handle_dbapi_exception(
    ~~~~~~~~~~~~~~~~~~~~~~~~~~~~^
        e, str_statement, effective_parameters, cursor, context
        ^^^^^^^^^^^^^^^^^^^^^^^^^^^^^^^^^^^^^^^^^^^^^^^^^^^^^^^
    )
    ^
  File "/Library/Frameworks/Python.framework/Versions/3.13/lib/python3.13/site-packages/sqlalchemy/engine/base.py", line 2363, in _handle_dbapi_exception
    raise sqlalchemy_exception.with_traceback(exc_info[2]) from e
  File "/Library/Frameworks/Python.framework/Versions/3.13/lib/python3.13/site-packages/sqlalchemy/engine/base.py", line 1967, in _exec_single_context
    self.dialect.do_execute(
    ~~~~~~~~~~~~~~~~~~~~~~~^
        cursor, str_statement, effective_parameters, context
        ^^^^^^^^^^^^^^^^^^^^^^^^^^^^^^^^^^^^^^^^^^^^^^^^^^^^
    )
    ^
  File "/Library/Frameworks/Python.framework/Versions/3.13/lib/python3.13/site-packages/sqlalchemy/engine/default.py", line 952, in do_execute
    cursor.execute(statement, parameters)
    ~~~~~~~~~~~~~~^^^^^^^^^^^^^^^^^^^^^^^

The above exception was caused by the following exception:
psycopg2.errors.UndefinedTable: relation "airport" does not exist
LINE 1: SELECT * FROM airport
                      ^


Stack Trace:
  File "/Library/Frameworks/Python.framework/Versions/3.13/lib/python3.13/site-packages/sqlalchemy/engine/base.py", line 1967, in _exec_single_context
    self.dialect.do_execute(
    ~~~~~~~~~~~~~~~~~~~~~~~^
        cursor, str_statement, effective_parameters, context
        ^^^^^^^^^^^^^^^^^^^^^^^^^^^^^^^^^^^^^^^^^^^^^^^^^^^^
    )
    ^
  File "/Library/Frameworks/Python.framework/Versions/3.13/lib/python3.13/site-packages/sqlalchemy/engine/default.py", line 952, in do_execute
    cursor.execute(statement, parameters)
    ~~~~~~~~~~~~~~^^^^^^^^^^^^^^^^^^^^^^^

