==================== 2025-12-13 03:00:50.400862 | cf079ea8-3b15-46ed-9d0b-786e7bcb06c2 ====================
03:00:50.401141 [info ]: Starting dbt LSP server
03:00:50.401190 [info ]: Connecting to LSP client on port 8000
03:00:50.401379 [info ]: Successfully connected to LSP client
03:00:50.401385 [info ]: Creating LSP service...
03:00:50.435269 [info ]: Creating LSP server...
03:00:50.435282 [info ]: Starting LSP server...
==================== 2025-12-14 00:12:40.635183 | b141993d-057f-4a92-a952-f0582e3a3ac6 ====================
00:12:40.639387 [info ]: Starting dbt LSP server
00:12:40.639427 [info ]: Connecting to LSP client on port 8000
00:12:40.639836 [info ]: Successfully connected to LSP client
00:12:40.639842 [info ]: Creating LSP service...
00:12:40.671191 [info ]: Creating LSP server...
00:12:40.671210 [info ]: Starting LSP server...
==================== 2025-12-14 01:48:40.960774 | 173aacea-5f19-44c4-a5ca-823c40b20824 ====================
01:48:40.960804 [info ]: Starting dbt LSP server
01:48:40.960812 [info ]: Connecting to LSP client on port 8000
01:48:40.960953 [info ]: Successfully connected to LSP client
01:48:40.960956 [info ]: Creating LSP service...
01:48:40.987060 [info ]: Creating LSP server...
01:48:40.987073 [info ]: Starting LSP server...
